// Jest Snapshot v1, https://goo.gl/fbAQLP

exports[`CardList Component expect it to render the CardList component 1`] = `ShallowWrapper {}`;
