// Jest Snapshot v1, https://goo.gl/fbAQLP

exports[`CounterButton Component renders CounterButton Component 1`] = `ShallowWrapper {}`;
