// Jest Snapshot v1, https://goo.gl/fbAQLP

exports[`MainPage Component renders MainPage Component 1`] = `ShallowWrapper {}`;
