// Jest Snapshot v1, https://goo.gl/fbAQLP

exports[`Scroll Component it renders the Scroll component 1`] = `ShallowWrapper {}`;
