// Jest Snapshot v1, https://goo.gl/fbAQLP

exports[`ErrorBoundary Component renders ErrorBoundary Component 1`] = `ShallowWrapper {}`;
